localStep
| main.rs:3:11:3:11 | [SSA] i | main.rs:4:12:4:12 | i |
| main.rs:3:11:3:11 | i | main.rs:3:11:3:11 | [SSA] i |
| main.rs:3:11:3:16 | ...: i64 | main.rs:3:11:3:11 | i |
| main.rs:4:5:4:12 | ... + ... | main.rs:3:26:5:1 | { ... } |
| main.rs:7:9:7:9 | [SSA] s | main.rs:8:20:8:20 | s |
| main.rs:7:9:7:9 | s | main.rs:7:9:7:9 | [SSA] s |
| main.rs:7:9:7:14 | ...: i64 | main.rs:7:9:7:9 | s |
| main.rs:19:9:19:9 | [SSA] s | main.rs:20:10:20:10 | s |
| main.rs:19:9:19:9 | s | main.rs:19:9:19:9 | [SSA] s |
| main.rs:19:13:19:21 | source(...) | main.rs:19:9:19:9 | s |
| main.rs:23:18:23:21 | [SSA] cond | main.rs:26:16:26:19 | cond |
| main.rs:23:18:23:21 | cond | main.rs:23:18:23:21 | [SSA] cond |
| main.rs:23:18:23:27 | ...: bool | main.rs:23:18:23:21 | cond |
| main.rs:24:9:24:9 | [SSA] a | main.rs:26:23:26:23 | a |
| main.rs:24:9:24:9 | a | main.rs:24:9:24:9 | [SSA] a |
| main.rs:24:13:24:21 | source(...) | main.rs:24:9:24:9 | a |
| main.rs:25:9:25:9 | [SSA] b | main.rs:26:34:26:34 | b |
| main.rs:25:9:25:9 | b | main.rs:25:9:25:9 | [SSA] b |
| main.rs:25:13:25:13 | 2 | main.rs:25:9:25:9 | b |
| main.rs:26:9:26:9 | [SSA] c | main.rs:27:10:27:10 | c |
| main.rs:26:9:26:9 | c | main.rs:26:9:26:9 | [SSA] c |
| main.rs:26:13:26:36 | if cond {...} else {...} | main.rs:26:9:26:9 | c |
| main.rs:26:21:26:25 | { ... } | main.rs:26:13:26:36 | if cond {...} else {...} |
| main.rs:26:23:26:23 | a | main.rs:26:21:26:25 | { ... } |
| main.rs:26:32:26:36 | { ... } | main.rs:26:13:26:36 | if cond {...} else {...} |
| main.rs:26:34:26:34 | b | main.rs:26:32:26:36 | { ... } |
| main.rs:30:21:30:21 | [SSA] m | main.rs:32:19:32:19 | m |
| main.rs:30:21:30:21 | m | main.rs:30:21:30:21 | [SSA] m |
| main.rs:30:21:30:34 | ...: Option::<...> | main.rs:30:21:30:21 | m |
| main.rs:31:9:31:9 | [SSA] a | main.rs:33:20:33:20 | a |
| main.rs:31:9:31:9 | a | main.rs:31:9:31:9 | [SSA] a |
| main.rs:31:13:31:21 | source(...) | main.rs:31:9:31:9 | a |
| main.rs:32:9:32:9 | [SSA] b | main.rs:36:10:36:10 | b |
| main.rs:32:9:32:9 | b | main.rs:32:9:32:9 | [SSA] b |
| main.rs:32:13:35:5 | match m { ... } | main.rs:32:9:32:9 | b |
| main.rs:32:19:32:19 | m | main.rs:33:9:33:15 | TupleStructPat |
| main.rs:32:19:32:19 | m | main.rs:34:9:34:12 | None |
| main.rs:33:20:33:20 | a | main.rs:32:13:35:5 | match m { ... } |
| main.rs:34:17:34:17 | 0 | main.rs:32:13:35:5 | match m { ... } |
| main.rs:40:9:40:9 | [SSA] a | main.rs:43:10:43:10 | a |
| main.rs:40:9:40:9 | a | main.rs:40:9:40:9 | [SSA] a |
| main.rs:40:13:42:5 | loop { ... } | main.rs:40:9:40:9 | a |
| main.rs:41:9:41:15 | break 1 | main.rs:40:13:42:5 | loop { ... } |
| main.rs:41:15:41:15 | 1 | main.rs:41:9:41:15 | break 1 |
| main.rs:44:9:44:9 | [SSA] b | main.rs:47:10:47:10 | b |
| main.rs:44:9:44:9 | b | main.rs:44:9:44:9 | [SSA] b |
| main.rs:44:13:46:5 | loop { ... } | main.rs:44:9:44:9 | b |
| main.rs:45:9:45:23 | break ... | main.rs:44:13:46:5 | loop { ... } |
| main.rs:45:15:45:23 | source(...) | main.rs:45:9:45:23 | break ... |
| main.rs:51:9:51:13 | [SSA] i | main.rs:52:10:52:10 | i |
| main.rs:51:9:51:13 | i | main.rs:51:9:51:13 | [SSA] i |
| main.rs:51:17:51:17 | 1 | main.rs:51:9:51:13 | i |
| main.rs:53:5:53:5 | [SSA] i | main.rs:54:10:54:10 | i |
| main.rs:53:5:53:5 | i | main.rs:53:5:53:5 | [SSA] i |
| main.rs:53:9:53:17 | source(...) | main.rs:53:5:53:5 | i |
| main.rs:61:9:61:9 | [SSA] i | main.rs:62:11:62:11 | i |
| main.rs:61:9:61:9 | i | main.rs:61:9:61:9 | [SSA] i |
| main.rs:61:13:61:31 | ...::new(...) | main.rs:61:9:61:9 | i |
| main.rs:66:9:66:9 | [SSA] a | main.rs:67:10:67:10 | a |
| main.rs:66:9:66:9 | a | main.rs:66:9:66:9 | [SSA] a |
| main.rs:66:13:66:26 | TupleExpr | main.rs:66:9:66:9 | a |
| main.rs:67:10:67:10 | a | main.rs:68:10:68:10 | a |
| main.rs:78:9:78:9 | [SSA] p | main.rs:83:10:83:10 | p |
| main.rs:78:9:78:9 | p | main.rs:78:9:78:9 | [SSA] p |
| main.rs:78:13:82:5 | Point {...} | main.rs:78:9:78:9 | p |
| main.rs:83:10:83:10 | p | main.rs:84:10:84:10 | p |
| main.rs:84:10:84:10 | p | main.rs:85:10:85:10 | p |
| main.rs:92:9:92:9 | [SSA] p | main.rs:97:38:97:38 | p |
| main.rs:92:9:92:9 | p | main.rs:92:9:92:9 | [SSA] p |
| main.rs:92:13:96:5 | Point {...} | main.rs:92:9:92:9 | p |
| main.rs:97:20:97:20 | [SSA] a | main.rs:98:10:98:10 | a |
| main.rs:97:20:97:20 | a | main.rs:97:20:97:20 | [SSA] a |
| main.rs:97:26:97:26 | [SSA] b | main.rs:99:10:99:10 | b |
| main.rs:97:26:97:26 | b | main.rs:97:26:97:26 | [SSA] b |
| main.rs:97:32:97:32 | [SSA] c | main.rs:100:10:100:10 | c |
| main.rs:97:32:97:32 | c | main.rs:97:32:97:32 | [SSA] c |
| main.rs:97:38:97:38 | p | main.rs:97:9:97:34 | Point {...} |
| main.rs:104:9:104:10 | [SSA] s1 | main.rs:106:11:106:12 | s1 |
| main.rs:104:9:104:10 | s1 | main.rs:104:9:104:10 | [SSA] s1 |
| main.rs:104:14:104:37 | ...::Some(...) | main.rs:104:9:104:10 | s1 |
| main.rs:105:9:105:10 | [SSA] s2 | main.rs:110:11:110:12 | s2 |
| main.rs:105:9:105:10 | s2 | main.rs:105:9:105:10 | [SSA] s2 |
| main.rs:105:14:105:28 | ...::Some(...) | main.rs:105:9:105:10 | s2 |
| main.rs:106:11:106:12 | s1 | main.rs:107:9:107:23 | TupleStructPat |
| main.rs:106:11:106:12 | s1 | main.rs:108:9:108:20 | ...::None |
| main.rs:107:22:107:22 | [SSA] n | main.rs:107:33:107:33 | n |
| main.rs:107:22:107:22 | n | main.rs:107:22:107:22 | [SSA] n |
| main.rs:107:28:107:34 | sink(...) | main.rs:106:5:109:5 | match s1 { ... } |
| main.rs:108:25:108:31 | sink(...) | main.rs:106:5:109:5 | match s1 { ... } |
| main.rs:110:5:113:5 | match s2 { ... } | main.rs:103:37:114:1 | { ... } |
| main.rs:110:11:110:12 | s2 | main.rs:111:9:111:23 | TupleStructPat |
| main.rs:110:11:110:12 | s2 | main.rs:112:9:112:20 | ...::None |
| main.rs:111:22:111:22 | [SSA] n | main.rs:111:33:111:33 | n |
| main.rs:111:22:111:22 | n | main.rs:111:22:111:22 | [SSA] n |
| main.rs:111:28:111:34 | sink(...) | main.rs:110:5:113:5 | match s2 { ... } |
| main.rs:112:25:112:31 | sink(...) | main.rs:110:5:113:5 | match s2 { ... } |
| main.rs:117:9:117:10 | [SSA] s1 | main.rs:119:11:119:12 | s1 |
| main.rs:117:9:117:10 | s1 | main.rs:117:9:117:10 | [SSA] s1 |
| main.rs:117:14:117:29 | Some(...) | main.rs:117:9:117:10 | s1 |
| main.rs:118:9:118:10 | [SSA] s2 | main.rs:123:11:123:12 | s2 |
| main.rs:118:9:118:10 | s2 | main.rs:118:9:118:10 | [SSA] s2 |
| main.rs:118:14:118:20 | Some(...) | main.rs:118:9:118:10 | s2 |
| main.rs:119:11:119:12 | s1 | main.rs:120:9:120:15 | TupleStructPat |
| main.rs:119:11:119:12 | s1 | main.rs:121:9:121:12 | None |
| main.rs:120:14:120:14 | [SSA] n | main.rs:120:25:120:25 | n |
| main.rs:120:14:120:14 | n | main.rs:120:14:120:14 | [SSA] n |
| main.rs:120:20:120:26 | sink(...) | main.rs:119:5:122:5 | match s1 { ... } |
| main.rs:121:17:121:23 | sink(...) | main.rs:119:5:122:5 | match s1 { ... } |
| main.rs:123:5:126:5 | match s2 { ... } | main.rs:116:39:127:1 | { ... } |
| main.rs:123:11:123:12 | s2 | main.rs:124:9:124:15 | TupleStructPat |
| main.rs:123:11:123:12 | s2 | main.rs:125:9:125:12 | None |
| main.rs:124:14:124:14 | [SSA] n | main.rs:124:25:124:25 | n |
| main.rs:124:14:124:14 | n | main.rs:124:14:124:14 | [SSA] n |
| main.rs:124:20:124:26 | sink(...) | main.rs:123:5:126:5 | match s2 { ... } |
| main.rs:125:17:125:23 | sink(...) | main.rs:123:5:126:5 | match s2 { ... } |
| main.rs:130:9:130:10 | [SSA] s1 | main.rs:131:10:131:11 | s1 |
| main.rs:130:9:130:10 | s1 | main.rs:130:9:130:10 | [SSA] s1 |
| main.rs:130:14:130:29 | Some(...) | main.rs:130:9:130:10 | s1 |
| main.rs:140:9:140:10 | [SSA] s1 | main.rs:142:11:142:12 | s1 |
| main.rs:140:9:140:10 | s1 | main.rs:140:9:140:10 | [SSA] s1 |
| main.rs:140:14:140:39 | ...::A(...) | main.rs:140:9:140:10 | s1 |
| main.rs:141:9:141:10 | [SSA] s2 | main.rs:149:11:149:12 | s2 |
| main.rs:141:9:141:10 | s2 | main.rs:141:9:141:10 | [SSA] s2 |
| main.rs:141:14:141:30 | ...::B(...) | main.rs:141:9:141:10 | s2 |
| main.rs:142:11:142:12 | s1 | main.rs:143:9:143:25 | TupleStructPat |
| main.rs:142:11:142:12 | s1 | main.rs:144:9:144:25 | TupleStructPat |
| main.rs:142:11:142:12 | s1 | main.rs:146:11:146:12 | s1 |
| main.rs:143:24:143:24 | [SSA] n | main.rs:143:35:143:35 | n |
| main.rs:143:24:143:24 | n | main.rs:143:24:143:24 | [SSA] n |
| main.rs:143:30:143:36 | sink(...) | main.rs:142:5:145:5 | match s1 { ... } |
| main.rs:144:24:144:24 | [SSA] n | main.rs:144:35:144:35 | n |
| main.rs:144:24:144:24 | n | main.rs:144:24:144:24 | [SSA] n |
| main.rs:144:30:144:36 | sink(...) | main.rs:142:5:145:5 | match s1 { ... } |
| main.rs:146:11:146:12 | s1 | main.rs:147:10:147:46 | ... \| ... |
| main.rs:147:10:147:46 | ... \| ... | main.rs:147:10:147:26 | TupleStructPat |
| main.rs:147:10:147:46 | ... \| ... | main.rs:147:30:147:46 | TupleStructPat |
| main.rs:147:10:147:46 | [SSA] [match(true)] phi | main.rs:147:57:147:57 | n |
| main.rs:147:25:147:25 | [SSA] [input] [match(true)] phi | main.rs:147:10:147:46 | [SSA] [match(true)] phi |
| main.rs:147:25:147:25 | [SSA] n | main.rs:147:25:147:25 | [SSA] [input] [match(true)] phi |
| main.rs:147:25:147:25 | n | main.rs:147:25:147:25 | [SSA] n |
| main.rs:147:45:147:45 | [SSA] [input] [match(true)] phi | main.rs:147:10:147:46 | [SSA] [match(true)] phi |
| main.rs:147:45:147:45 | [SSA] n | main.rs:147:45:147:45 | [SSA] [input] [match(true)] phi |
| main.rs:147:45:147:45 | n | main.rs:147:45:147:45 | [SSA] n |
| main.rs:147:52:147:58 | sink(...) | main.rs:146:5:148:5 | match s1 { ... } |
| main.rs:149:5:152:5 | match s2 { ... } | main.rs:139:48:153:1 | { ... } |
| main.rs:149:11:149:12 | s2 | main.rs:150:9:150:25 | TupleStructPat |
| main.rs:149:11:149:12 | s2 | main.rs:151:9:151:25 | TupleStructPat |
| main.rs:150:24:150:24 | [SSA] n | main.rs:150:35:150:35 | n |
| main.rs:150:24:150:24 | n | main.rs:150:24:150:24 | [SSA] n |
| main.rs:150:30:150:36 | sink(...) | main.rs:149:5:152:5 | match s2 { ... } |
| main.rs:151:24:151:24 | [SSA] n | main.rs:151:35:151:35 | n |
| main.rs:151:24:151:24 | n | main.rs:151:24:151:24 | [SSA] n |
| main.rs:151:30:151:36 | sink(...) | main.rs:149:5:152:5 | match s2 { ... } |
| main.rs:158:9:158:10 | [SSA] s1 | main.rs:160:11:160:12 | s1 |
| main.rs:158:9:158:10 | s1 | main.rs:158:9:158:10 | [SSA] s1 |
| main.rs:158:14:158:26 | A(...) | main.rs:158:9:158:10 | s1 |
| main.rs:159:9:159:10 | [SSA] s2 | main.rs:167:11:167:12 | s2 |
| main.rs:159:9:159:10 | s2 | main.rs:159:9:159:10 | [SSA] s2 |
| main.rs:159:14:159:17 | B(...) | main.rs:159:9:159:10 | s2 |
| main.rs:160:11:160:12 | s1 | main.rs:161:9:161:12 | TupleStructPat |
| main.rs:160:11:160:12 | s1 | main.rs:162:9:162:12 | TupleStructPat |
| main.rs:160:11:160:12 | s1 | main.rs:164:11:164:12 | s1 |
| main.rs:161:11:161:11 | [SSA] n | main.rs:161:22:161:22 | n |
| main.rs:161:11:161:11 | n | main.rs:161:11:161:11 | [SSA] n |
| main.rs:161:17:161:23 | sink(...) | main.rs:160:5:163:5 | match s1 { ... } |
| main.rs:162:11:162:11 | [SSA] n | main.rs:162:22:162:22 | n |
| main.rs:162:11:162:11 | n | main.rs:162:11:162:11 | [SSA] n |
| main.rs:162:17:162:23 | sink(...) | main.rs:160:5:163:5 | match s1 { ... } |
| main.rs:164:11:164:12 | s1 | main.rs:165:10:165:20 | ... \| ... |
| main.rs:165:10:165:20 | ... \| ... | main.rs:165:10:165:13 | TupleStructPat |
| main.rs:165:10:165:20 | ... \| ... | main.rs:165:17:165:20 | TupleStructPat |
| main.rs:165:10:165:20 | [SSA] [match(true)] phi | main.rs:165:31:165:31 | n |
| main.rs:165:12:165:12 | [SSA] [input] [match(true)] phi | main.rs:165:10:165:20 | [SSA] [match(true)] phi |
| main.rs:165:12:165:12 | [SSA] n | main.rs:165:12:165:12 | [SSA] [input] [match(true)] phi |
| main.rs:165:12:165:12 | n | main.rs:165:12:165:12 | [SSA] n |
| main.rs:165:19:165:19 | [SSA] [input] [match(true)] phi | main.rs:165:10:165:20 | [SSA] [match(true)] phi |
| main.rs:165:19:165:19 | [SSA] n | main.rs:165:19:165:19 | [SSA] [input] [match(true)] phi |
| main.rs:165:19:165:19 | n | main.rs:165:19:165:19 | [SSA] n |
| main.rs:165:26:165:32 | sink(...) | main.rs:164:5:166:5 | match s1 { ... } |
| main.rs:167:5:170:5 | match s2 { ... } | main.rs:157:50:171:1 | { ... } |
| main.rs:167:11:167:12 | s2 | main.rs:168:9:168:12 | TupleStructPat |
| main.rs:167:11:167:12 | s2 | main.rs:169:9:169:12 | TupleStructPat |
| main.rs:168:11:168:11 | [SSA] n | main.rs:168:22:168:22 | n |
| main.rs:168:11:168:11 | n | main.rs:168:11:168:11 | [SSA] n |
| main.rs:168:17:168:23 | sink(...) | main.rs:167:5:170:5 | match s2 { ... } |
| main.rs:169:11:169:11 | [SSA] n | main.rs:169:22:169:22 | n |
| main.rs:169:11:169:11 | n | main.rs:169:11:169:11 | [SSA] n |
| main.rs:169:17:169:23 | sink(...) | main.rs:167:5:170:5 | match s2 { ... } |
| main.rs:179:9:179:10 | [SSA] s1 | main.rs:183:11:183:12 | s1 |
| main.rs:179:9:179:10 | s1 | main.rs:179:9:179:10 | [SSA] s1 |
| main.rs:179:14:181:5 | ...::C {...} | main.rs:179:9:179:10 | s1 |
| main.rs:182:9:182:10 | [SSA] s2 | main.rs:190:11:190:12 | s2 |
| main.rs:182:9:182:10 | s2 | main.rs:182:9:182:10 | [SSA] s2 |
| main.rs:182:14:182:43 | ...::D {...} | main.rs:182:9:182:10 | s2 |
| main.rs:183:11:183:12 | s1 | main.rs:184:9:184:38 | ...::C {...} |
| main.rs:183:11:183:12 | s1 | main.rs:185:9:185:38 | ...::D {...} |
| main.rs:183:11:183:12 | s1 | main.rs:187:11:187:12 | s1 |
| main.rs:184:36:184:36 | [SSA] n | main.rs:184:48:184:48 | n |
| main.rs:184:36:184:36 | n | main.rs:184:36:184:36 | [SSA] n |
| main.rs:184:43:184:49 | sink(...) | main.rs:183:5:186:5 | match s1 { ... } |
| main.rs:185:36:185:36 | [SSA] n | main.rs:185:48:185:48 | n |
| main.rs:185:36:185:36 | n | main.rs:185:36:185:36 | [SSA] n |
| main.rs:185:43:185:49 | sink(...) | main.rs:183:5:186:5 | match s1 { ... } |
| main.rs:187:11:187:12 | s1 | main.rs:188:10:188:72 | ... \| ... |
| main.rs:188:10:188:72 | ... \| ... | main.rs:188:10:188:39 | ...::C {...} |
| main.rs:188:10:188:72 | ... \| ... | main.rs:188:43:188:72 | ...::D {...} |
| main.rs:188:10:188:72 | [SSA] [match(true)] phi | main.rs:188:83:188:83 | n |
| main.rs:188:37:188:37 | [SSA] [input] [match(true)] phi | main.rs:188:10:188:72 | [SSA] [match(true)] phi |
| main.rs:188:37:188:37 | [SSA] n | main.rs:188:37:188:37 | [SSA] [input] [match(true)] phi |
| main.rs:188:37:188:37 | n | main.rs:188:37:188:37 | [SSA] n |
| main.rs:188:70:188:70 | [SSA] [input] [match(true)] phi | main.rs:188:10:188:72 | [SSA] [match(true)] phi |
| main.rs:188:70:188:70 | [SSA] n | main.rs:188:70:188:70 | [SSA] [input] [match(true)] phi |
| main.rs:188:70:188:70 | n | main.rs:188:70:188:70 | [SSA] n |
| main.rs:188:78:188:84 | sink(...) | main.rs:187:5:189:5 | match s1 { ... } |
| main.rs:190:5:193:5 | match s2 { ... } | main.rs:178:49:194:1 | { ... } |
| main.rs:190:11:190:12 | s2 | main.rs:191:9:191:38 | ...::C {...} |
| main.rs:190:11:190:12 | s2 | main.rs:192:9:192:38 | ...::D {...} |
| main.rs:191:36:191:36 | [SSA] n | main.rs:191:48:191:48 | n |
| main.rs:191:36:191:36 | n | main.rs:191:36:191:36 | [SSA] n |
| main.rs:191:43:191:49 | sink(...) | main.rs:190:5:193:5 | match s2 { ... } |
| main.rs:192:36:192:36 | [SSA] n | main.rs:192:48:192:48 | n |
| main.rs:192:36:192:36 | n | main.rs:192:36:192:36 | [SSA] n |
| main.rs:192:43:192:49 | sink(...) | main.rs:190:5:193:5 | match s2 { ... } |
| main.rs:199:9:199:10 | [SSA] s1 | main.rs:203:11:203:12 | s1 |
| main.rs:199:9:199:10 | s1 | main.rs:199:9:199:10 | [SSA] s1 |
| main.rs:199:14:201:5 | C {...} | main.rs:199:9:199:10 | s1 |
| main.rs:202:9:202:10 | [SSA] s2 | main.rs:210:11:210:12 | s2 |
| main.rs:202:9:202:10 | s2 | main.rs:202:9:202:10 | [SSA] s2 |
| main.rs:202:14:202:29 | D {...} | main.rs:202:9:202:10 | s2 |
| main.rs:203:11:203:12 | s1 | main.rs:204:9:204:24 | C {...} |
| main.rs:203:11:203:12 | s1 | main.rs:205:9:205:24 | D {...} |
| main.rs:203:11:203:12 | s1 | main.rs:207:11:207:12 | s1 |
| main.rs:204:22:204:22 | [SSA] n | main.rs:204:34:204:34 | n |
| main.rs:204:22:204:22 | n | main.rs:204:22:204:22 | [SSA] n |
| main.rs:204:29:204:35 | sink(...) | main.rs:203:5:206:5 | match s1 { ... } |
| main.rs:205:22:205:22 | [SSA] n | main.rs:205:34:205:34 | n |
| main.rs:205:22:205:22 | n | main.rs:205:22:205:22 | [SSA] n |
| main.rs:205:29:205:35 | sink(...) | main.rs:203:5:206:5 | match s1 { ... } |
| main.rs:207:11:207:12 | s1 | main.rs:208:10:208:44 | ... \| ... |
| main.rs:208:10:208:44 | ... \| ... | main.rs:208:10:208:25 | C {...} |
| main.rs:208:10:208:44 | ... \| ... | main.rs:208:29:208:44 | D {...} |
| main.rs:208:10:208:44 | [SSA] [match(true)] phi | main.rs:208:55:208:55 | n |
| main.rs:208:23:208:23 | [SSA] [input] [match(true)] phi | main.rs:208:10:208:44 | [SSA] [match(true)] phi |
| main.rs:208:23:208:23 | [SSA] n | main.rs:208:23:208:23 | [SSA] [input] [match(true)] phi |
| main.rs:208:23:208:23 | n | main.rs:208:23:208:23 | [SSA] n |
| main.rs:208:42:208:42 | [SSA] [input] [match(true)] phi | main.rs:208:10:208:44 | [SSA] [match(true)] phi |
| main.rs:208:42:208:42 | [SSA] n | main.rs:208:42:208:42 | [SSA] [input] [match(true)] phi |
| main.rs:208:42:208:42 | n | main.rs:208:42:208:42 | [SSA] n |
| main.rs:208:50:208:56 | sink(...) | main.rs:207:5:209:5 | match s1 { ... } |
| main.rs:210:5:213:5 | match s2 { ... } | main.rs:198:51:214:1 | { ... } |
| main.rs:210:11:210:12 | s2 | main.rs:211:9:211:24 | C {...} |
| main.rs:210:11:210:12 | s2 | main.rs:212:9:212:24 | D {...} |
| main.rs:211:22:211:22 | [SSA] n | main.rs:211:34:211:34 | n |
| main.rs:211:22:211:22 | n | main.rs:211:22:211:22 | [SSA] n |
| main.rs:211:29:211:35 | sink(...) | main.rs:210:5:213:5 | match s2 { ... } |
| main.rs:212:22:212:22 | [SSA] n | main.rs:212:34:212:34 | n |
| main.rs:212:22:212:22 | n | main.rs:212:22:212:22 | [SSA] n |
| main.rs:212:29:212:35 | sink(...) | main.rs:210:5:213:5 | match s2 { ... } |
| main.rs:217:9:217:9 | [SSA] a | main.rs:218:5:218:5 | a |
| main.rs:217:9:217:9 | a | main.rs:217:9:217:9 | [SSA] a |
| main.rs:217:13:217:17 | { ... } | main.rs:217:9:217:9 | a |
| main.rs:217:15:217:15 | 0 | main.rs:217:13:217:17 | { ... } |
| main.rs:218:5:218:5 | a | main.rs:216:31:219:1 | { ... } |
| main.rs:221:22:221:22 | [SSA] b | main.rs:223:12:223:12 | b |
| main.rs:221:22:221:22 | b | main.rs:221:22:221:22 | [SSA] b |
| main.rs:221:22:221:28 | ...: bool | main.rs:221:22:221:22 | b |
| main.rs:222:9:222:9 | [SSA] a | main.rs:228:5:228:5 | a |
| main.rs:222:9:222:9 | a | main.rs:222:9:222:9 | [SSA] a |
| main.rs:222:13:227:5 | 'block: { ... } | main.rs:222:9:222:9 | a |
| main.rs:224:13:224:26 | break ''block 1 | main.rs:222:13:227:5 | 'block: { ... } |
| main.rs:224:26:224:26 | 1 | main.rs:224:13:224:26 | break ''block 1 |
| main.rs:226:9:226:9 | 2 | main.rs:222:13:227:5 | 'block: { ... } |
| main.rs:228:5:228:5 | a | main.rs:221:38:229:1 | { ... } |
| main.rs:231:22:231:22 | [SSA] b | main.rs:233:12:233:12 | b |
| main.rs:231:22:231:22 | b | main.rs:231:22:231:22 | [SSA] b |
| main.rs:231:22:231:28 | ...: bool | main.rs:231:22:231:22 | b |
| main.rs:232:9:232:9 | [SSA] a | main.rs:238:5:238:5 | a |
| main.rs:232:9:232:9 | a | main.rs:232:9:232:9 | [SSA] a |
| main.rs:232:13:237:5 | 'block: { ... } | main.rs:232:9:232:9 | a |
| main.rs:234:13:234:26 | break ''block 1 | main.rs:232:13:237:5 | 'block: { ... } |
| main.rs:234:26:234:26 | 1 | main.rs:234:13:234:26 | break ''block 1 |
| main.rs:236:9:236:22 | break ''block 2 | main.rs:232:13:237:5 | 'block: { ... } |
| main.rs:236:22:236:22 | 2 | main.rs:236:9:236:22 | break ''block 2 |
| main.rs:238:5:238:5 | a | main.rs:231:38:239:1 | { ... } |
storeStep
| main.rs:117:19:117:28 | source(...) | Some | main.rs:117:14:117:29 | Some(...) |
| main.rs:118:19:118:19 | 2 | Some | main.rs:118:14:118:20 | Some(...) |
| main.rs:130:19:130:28 | source(...) | Some | main.rs:130:14:130:29 | Some(...) |
| main.rs:140:29:140:38 | source(...) | A | main.rs:140:14:140:39 | ...::A(...) |
| main.rs:141:29:141:29 | 2 | B | main.rs:141:14:141:30 | ...::B(...) |
| main.rs:180:18:180:27 | source(...) | C | main.rs:179:14:181:5 | ...::C {...} |
| main.rs:182:41:182:41 | 2 | D | main.rs:182:14:182:43 | ...::D {...} |
| main.rs:245:27:245:27 | 0 | Some | main.rs:245:22:245:28 | Some(...) |
readStep
| file://:0:0:0:0 | [summary param] self in lang:core::_::<crate::option::Option>::unwrap | Some | file://:0:0:0:0 | [summary] read: Argument[self].Variant[crate::std::option::Option::Some(0)] in lang:core::_::<crate::option::Option>::unwrap |
| main.rs:33:9:33:15 | TupleStructPat | Some | main.rs:33:14:33:14 | _ |
| main.rs:120:9:120:15 | TupleStructPat | Some | main.rs:120:14:120:14 | n |
| main.rs:124:9:124:15 | TupleStructPat | Some | main.rs:124:14:124:14 | n |
| main.rs:143:9:143:25 | TupleStructPat | A | main.rs:143:24:143:24 | n |
| main.rs:144:9:144:25 | TupleStructPat | B | main.rs:144:24:144:24 | n |
| main.rs:147:10:147:26 | TupleStructPat | A | main.rs:147:25:147:25 | n |
| main.rs:147:30:147:46 | TupleStructPat | B | main.rs:147:45:147:45 | n |
| main.rs:150:9:150:25 | TupleStructPat | A | main.rs:150:24:150:24 | n |
| main.rs:151:9:151:25 | TupleStructPat | B | main.rs:151:24:151:24 | n |
| main.rs:184:9:184:38 | ...::C {...} | C | main.rs:184:36:184:36 | n |
| main.rs:185:9:185:38 | ...::D {...} | D | main.rs:185:36:185:36 | n |
| main.rs:188:10:188:39 | ...::C {...} | C | main.rs:188:37:188:37 | n |
| main.rs:188:43:188:72 | ...::D {...} | D | main.rs:188:70:188:70 | n |
| main.rs:191:9:191:38 | ...::C {...} | C | main.rs:191:36:191:36 | n |
| main.rs:192:9:192:38 | ...::D {...} | D | main.rs:192:36:192:36 | n |
