models
edges
| main.rs:19:13:19:21 | source(...) | main.rs:20:10:20:10 | s | provenance |  |
| main.rs:24:13:24:21 | source(...) | main.rs:27:10:27:10 | c | provenance |  |
| main.rs:31:13:31:21 | source(...) | main.rs:36:10:36:10 | b | provenance |  |
| main.rs:45:15:45:23 | source(...) | main.rs:47:10:47:10 | b | provenance |  |
| main.rs:53:9:53:17 | source(...) | main.rs:54:10:54:10 | i | provenance |  |
| main.rs:117:14:117:29 | Some(...) [Some] | main.rs:120:9:120:15 | TupleStructPat [Some] | provenance |  |
| main.rs:117:19:117:28 | source(...) | main.rs:117:14:117:29 | Some(...) [Some] | provenance |  |
| main.rs:120:9:120:15 | TupleStructPat [Some] | main.rs:120:14:120:14 | n | provenance |  |
| main.rs:120:14:120:14 | n | main.rs:120:25:120:25 | n | provenance |  |
| main.rs:130:14:130:29 | Some(...) [Some] | main.rs:131:10:131:11 | s1 [Some] | provenance |  |
| main.rs:130:19:130:28 | source(...) | main.rs:130:14:130:29 | Some(...) [Some] | provenance |  |
| main.rs:131:10:131:11 | s1 [Some] | main.rs:131:10:131:20 | ... .unwrap(...) | provenance |  |
| main.rs:140:14:140:39 | ...::A(...) [A] | main.rs:143:9:143:25 | TupleStructPat [A] | provenance |  |
| main.rs:140:14:140:39 | ...::A(...) [A] | main.rs:147:10:147:26 | TupleStructPat [A] | provenance |  |
| main.rs:140:29:140:38 | source(...) | main.rs:140:14:140:39 | ...::A(...) [A] | provenance |  |
| main.rs:143:9:143:25 | TupleStructPat [A] | main.rs:143:24:143:24 | n | provenance |  |
| main.rs:143:24:143:24 | n | main.rs:143:35:143:35 | n | provenance |  |
| main.rs:147:10:147:26 | TupleStructPat [A] | main.rs:147:25:147:25 | n | provenance |  |
| main.rs:147:25:147:25 | n | main.rs:147:57:147:57 | n | provenance |  |
| main.rs:179:14:181:5 | ...::C {...} [C] | main.rs:184:9:184:38 | ...::C {...} [C] | provenance |  |
| main.rs:179:14:181:5 | ...::C {...} [C] | main.rs:188:10:188:39 | ...::C {...} [C] | provenance |  |
| main.rs:180:18:180:27 | source(...) | main.rs:179:14:181:5 | ...::C {...} [C] | provenance |  |
| main.rs:184:9:184:38 | ...::C {...} [C] | main.rs:184:36:184:36 | n | provenance |  |
| main.rs:184:36:184:36 | n | main.rs:184:48:184:48 | n | provenance |  |
| main.rs:188:10:188:39 | ...::C {...} [C] | main.rs:188:37:188:37 | n | provenance |  |
| main.rs:188:37:188:37 | n | main.rs:188:83:188:83 | n | provenance |  |
nodes
| main.rs:15:10:15:18 | source(...) | semmle.label | source(...) |
| main.rs:19:13:19:21 | source(...) | semmle.label | source(...) |
| main.rs:20:10:20:10 | s | semmle.label | s |
| main.rs:24:13:24:21 | source(...) | semmle.label | source(...) |
| main.rs:27:10:27:10 | c | semmle.label | c |
| main.rs:31:13:31:21 | source(...) | semmle.label | source(...) |
| main.rs:36:10:36:10 | b | semmle.label | b |
| main.rs:45:15:45:23 | source(...) | semmle.label | source(...) |
| main.rs:47:10:47:10 | b | semmle.label | b |
| main.rs:53:9:53:17 | source(...) | semmle.label | source(...) |
| main.rs:54:10:54:10 | i | semmle.label | i |
| main.rs:117:14:117:29 | Some(...) [Some] | semmle.label | Some(...) [Some] |
| main.rs:117:19:117:28 | source(...) | semmle.label | source(...) |
| main.rs:120:9:120:15 | TupleStructPat [Some] | semmle.label | TupleStructPat [Some] |
| main.rs:120:14:120:14 | n | semmle.label | n |
| main.rs:120:25:120:25 | n | semmle.label | n |
| main.rs:130:14:130:29 | Some(...) [Some] | semmle.label | Some(...) [Some] |
| main.rs:130:19:130:28 | source(...) | semmle.label | source(...) |
| main.rs:131:10:131:11 | s1 [Some] | semmle.label | s1 [Some] |
| main.rs:131:10:131:20 | ... .unwrap(...) | semmle.label | ... .unwrap(...) |
| main.rs:140:14:140:39 | ...::A(...) [A] | semmle.label | ...::A(...) [A] |
| main.rs:140:29:140:38 | source(...) | semmle.label | source(...) |
| main.rs:143:9:143:25 | TupleStructPat [A] | semmle.label | TupleStructPat [A] |
| main.rs:143:24:143:24 | n | semmle.label | n |
| main.rs:143:35:143:35 | n | semmle.label | n |
| main.rs:147:10:147:26 | TupleStructPat [A] | semmle.label | TupleStructPat [A] |
| main.rs:147:25:147:25 | n | semmle.label | n |
| main.rs:147:57:147:57 | n | semmle.label | n |
| main.rs:179:14:181:5 | ...::C {...} [C] | semmle.label | ...::C {...} [C] |
| main.rs:180:18:180:27 | source(...) | semmle.label | source(...) |
| main.rs:184:9:184:38 | ...::C {...} [C] | semmle.label | ...::C {...} [C] |
| main.rs:184:36:184:36 | n | semmle.label | n |
| main.rs:184:48:184:48 | n | semmle.label | n |
| main.rs:188:10:188:39 | ...::C {...} [C] | semmle.label | ...::C {...} [C] |
| main.rs:188:37:188:37 | n | semmle.label | n |
| main.rs:188:83:188:83 | n | semmle.label | n |
subpaths
testFailures
#select
| main.rs:15:10:15:18 | source(...) | main.rs:15:10:15:18 | source(...) | main.rs:15:10:15:18 | source(...) | $@ | main.rs:15:10:15:18 | source(...) | source(...) |
| main.rs:20:10:20:10 | s | main.rs:19:13:19:21 | source(...) | main.rs:20:10:20:10 | s | $@ | main.rs:19:13:19:21 | source(...) | source(...) |
| main.rs:27:10:27:10 | c | main.rs:24:13:24:21 | source(...) | main.rs:27:10:27:10 | c | $@ | main.rs:24:13:24:21 | source(...) | source(...) |
| main.rs:36:10:36:10 | b | main.rs:31:13:31:21 | source(...) | main.rs:36:10:36:10 | b | $@ | main.rs:31:13:31:21 | source(...) | source(...) |
| main.rs:47:10:47:10 | b | main.rs:45:15:45:23 | source(...) | main.rs:47:10:47:10 | b | $@ | main.rs:45:15:45:23 | source(...) | source(...) |
| main.rs:54:10:54:10 | i | main.rs:53:9:53:17 | source(...) | main.rs:54:10:54:10 | i | $@ | main.rs:53:9:53:17 | source(...) | source(...) |
| main.rs:120:25:120:25 | n | main.rs:117:19:117:28 | source(...) | main.rs:120:25:120:25 | n | $@ | main.rs:117:19:117:28 | source(...) | source(...) |
| main.rs:131:10:131:20 | ... .unwrap(...) | main.rs:130:19:130:28 | source(...) | main.rs:131:10:131:20 | ... .unwrap(...) | $@ | main.rs:130:19:130:28 | source(...) | source(...) |
| main.rs:143:35:143:35 | n | main.rs:140:29:140:38 | source(...) | main.rs:143:35:143:35 | n | $@ | main.rs:140:29:140:38 | source(...) | source(...) |
| main.rs:147:57:147:57 | n | main.rs:140:29:140:38 | source(...) | main.rs:147:57:147:57 | n | $@ | main.rs:140:29:140:38 | source(...) | source(...) |
| main.rs:184:48:184:48 | n | main.rs:180:18:180:27 | source(...) | main.rs:184:48:184:48 | n | $@ | main.rs:180:18:180:27 | source(...) | source(...) |
| main.rs:188:83:188:83 | n | main.rs:180:18:180:27 | source(...) | main.rs:188:83:188:83 | n | $@ | main.rs:180:18:180:27 | source(...) | source(...) |
