#select
edges
nodes
subpaths
testFailures
| main.rs:18:45:18:94 | //... | Missing result: Alert[rust/uncontrolled-allocation-size]=arg1 |
| main.rs:21:36:21:85 | //... | Missing result: Alert[rust/uncontrolled-allocation-size]=arg1 |
| main.rs:22:57:22:106 | //... | Missing result: Alert[rust/uncontrolled-allocation-size]=arg1 |
| main.rs:23:72:23:121 | //... | Missing result: Alert[rust/uncontrolled-allocation-size]=arg1 |
| main.rs:24:43:24:92 | //... | Missing result: Alert[rust/uncontrolled-allocation-size]=arg1 |
| main.rs:30:36:30:85 | //... | Missing result: Alert[rust/uncontrolled-allocation-size]=arg1 |
| main.rs:33:36:33:85 | //... | Missing result: Alert[rust/uncontrolled-allocation-size]=arg1 |
| main.rs:37:36:37:85 | //... | Missing result: Alert[rust/uncontrolled-allocation-size]=arg1 |
| main.rs:40:36:40:85 | //... | Missing result: Alert[rust/uncontrolled-allocation-size]=arg1 |
| main.rs:50:57:50:106 | //... | Missing result: Alert[rust/uncontrolled-allocation-size]=arg1 |
| main.rs:51:61:51:110 | //... | Missing result: Alert[rust/uncontrolled-allocation-size]=arg1 |
| main.rs:53:62:53:111 | //... | Missing result: Alert[rust/uncontrolled-allocation-size]=arg1 |
| main.rs:54:67:54:116 | //... | Missing result: Alert[rust/uncontrolled-allocation-size]=arg1 |
| main.rs:59:36:59:85 | //... | Missing result: Alert[rust/uncontrolled-allocation-size]=arg1 |
| main.rs:61:36:61:85 | //... | Missing result: Alert[rust/uncontrolled-allocation-size]=arg1 |
| main.rs:63:36:63:85 | //... | Missing result: Alert[rust/uncontrolled-allocation-size]=arg1 |
| main.rs:64:63:64:112 | //... | Missing result: Alert[rust/uncontrolled-allocation-size]=arg1 |
| main.rs:65:63:65:112 | //... | Missing result: Alert[rust/uncontrolled-allocation-size]=arg1 |
| main.rs:68:36:68:85 | //... | Missing result: Alert[rust/uncontrolled-allocation-size]=arg1 |
| main.rs:88:40:88:89 | //... | Missing result: Alert[rust/uncontrolled-allocation-size]=arg1 |
| main.rs:96:40:96:99 | //... | Fixed spurious result: Alert[rust/uncontrolled-allocation-size]=arg1 |
| main.rs:102:40:102:89 | //... | Missing result: Alert[rust/uncontrolled-allocation-size]=arg1 |
| main.rs:103:40:103:89 | //... | Missing result: Alert[rust/uncontrolled-allocation-size]=arg1 |
| main.rs:109:40:109:99 | //... | Fixed spurious result: Alert[rust/uncontrolled-allocation-size]=arg1 |
| main.rs:111:40:111:89 | //... | Missing result: Alert[rust/uncontrolled-allocation-size]=arg1 |
| main.rs:146:40:146:89 | //... | Missing result: Alert[rust/uncontrolled-allocation-size]=arg1 |
| main.rs:148:40:148:89 | //... | Missing result: Alert[rust/uncontrolled-allocation-size]=arg1 |
| main.rs:152:37:152:96 | //... | Fixed spurious result: Alert[rust/uncontrolled-allocation-size]=arg1 |
| main.rs:155:37:155:86 | //... | Missing result: Alert[rust/uncontrolled-allocation-size]=arg1 |
| main.rs:162:41:162:90 | //... | Missing result: Alert[rust/uncontrolled-allocation-size]=arg1 |
| main.rs:169:41:169:100 | //... | Fixed spurious result: Alert[rust/uncontrolled-allocation-size]=arg1 |
| main.rs:177:36:177:95 | //... | Fixed spurious result: Alert[rust/uncontrolled-allocation-size]=arg1 |
| main.rs:193:43:193:92 | //... | Missing result: Alert[rust/uncontrolled-allocation-size]=arg1 |
| main.rs:194:50:194:99 | //... | Missing result: Alert[rust/uncontrolled-allocation-size]=arg1 |
| main.rs:195:55:195:104 | //... | Missing result: Alert[rust/uncontrolled-allocation-size]=arg1 |
| main.rs:196:62:196:111 | //... | Missing result: Alert[rust/uncontrolled-allocation-size]=arg1 |
| main.rs:197:55:197:104 | //... | Missing result: Alert[rust/uncontrolled-allocation-size]=arg1 |
| main.rs:198:62:198:111 | //... | Missing result: Alert[rust/uncontrolled-allocation-size]=arg1 |
| main.rs:208:67:208:116 | //... | Missing result: Alert[rust/uncontrolled-allocation-size]=arg1 |
| main.rs:210:74:210:123 | //... | Missing result: Alert[rust/uncontrolled-allocation-size]=arg1 |
| main.rs:219:30:219:79 | //... | Missing result: Alert[rust/uncontrolled-allocation-size]=arg1 |
| main.rs:220:40:220:89 | //... | Missing result: Alert[rust/uncontrolled-allocation-size]=arg1 |
| main.rs:222:34:222:83 | //... | Missing result: Alert[rust/uncontrolled-allocation-size]=arg1 |
| main.rs:223:58:223:107 | //... | Missing result: Alert[rust/uncontrolled-allocation-size]=arg1 |
| main.rs:224:35:224:84 | //... | Missing result: Alert[rust/uncontrolled-allocation-size]=arg1 |
| main.rs:284:49:284:102 | //... | Missing result: Alert[rust/uncontrolled-allocation-size]=example1 |
| main.rs:308:78:308:97 | //... | Missing result: Source=example1 |
| main.rs:317:94:317:109 | //... | Missing result: Source=arg1 |
