unexpectedModel
expectedModel
| Expected summary missing: repo::test;<crate::option::MyOption as crate::clone::Clone>::clone;Argument[self].Reference.Field[crate::option::MyOption::MySome(0)];ReturnValue.Field[crate::option::MyOption::MySome(0)];value;dfc-generated |
| Expected summary missing: repo::test;<crate::option::MyOption>::cloned;Argument[self].Field[crate::option::MyOption::MySome(0)].Reference;ReturnValue.Field[crate::option::MyOption::MySome(0)];value;dfc-generated |
