ERROR: FlowSummary::SummaryComponentStack is not compatible with string (FlowSummariesFiltered.ql:17,7-77)
ERROR: Predicate propagatesFlow/3 is ambiguous between: predicate SummarizedCallableImpl.FlowSummaryImpl::Make<DataFlowImplSpecific::CsharpDataFlow, FlowSummaryImpl::Input>::Private::SummarizedCallableImpl::propagatesFlow(SummaryComponentStack input, SummaryComponentStack output, boolean preservesValue) from FlowSummaryImpl.qll:560, predicate SummarizedCallable.FlowSummaryImpl::Make<DataFlowImplSpecific::CsharpDataFlow, FlowSummaryImpl::Input>::Public::SummarizedCallable::propagatesFlow(string input, string output, boolean preservesValue) from FlowSummaryImpl.qll:182. You can resolve the ambiguity by qualifing super with the desired type. (FlowSummariesFiltered.ql:14,11-25)
WARNING: Type SummaryComponentStack has been deprecated and may be removed in future (FlowSummariesFiltered.ql:12,5-26)
WARNING: Type SummaryComponentStack has been deprecated and may be removed in future (FlowSummariesFiltered.ql:12,34-55)
