ERROR: Could not resolve predicate neutralModel/6 (/Users/hvitved/Work/semmle-code/ql/csharp/ql/lib/semmle/code/csharp/dataflow/internal/ExternalFlow.qll:204,42-54)
ERROR: Could not resolve predicate neutralModel/6 (/Users/hvitved/Work/semmle-code/ql/csharp/ql/lib/semmle/code/csharp/dataflow/internal/ExternalFlow.qll:221,7-19)
ERROR: Could not resolve predicate neutralModel/6 (/Users/hvitved/Work/semmle-code/ql/csharp/ql/lib/semmle/code/csharp/dataflow/internal/ExternalFlow.qll:264,3-15)
ERROR: Could not resolve predicate neutralModel/6 (/Users/hvitved/Work/semmle-code/ql/csharp/ql/lib/semmle/code/csharp/dataflow/internal/ExternalFlow.qll:524,7-19)
ERROR: Could not resolve predicate sinkModel/9 (/Users/hvitved/Work/semmle-code/ql/csharp/ql/lib/semmle/code/csharp/dataflow/internal/ExternalFlow.qll:103,3-12)
ERROR: Could not resolve predicate sinkModel/9 (/Users/hvitved/Work/semmle-code/ql/csharp/ql/lib/semmle/code/csharp/dataflow/internal/ExternalFlow.qll:142,9-18)
ERROR: Could not resolve predicate sinkModel/9 (/Users/hvitved/Work/semmle-code/ql/csharp/ql/lib/semmle/code/csharp/dataflow/internal/FlowSummaryImpl.qll:153,7-16)
ERROR: Could not resolve predicate sinkModel/9 (/Users/hvitved/Work/semmle-code/ql/csharp/ql/lib/semmle/code/csharp/dataflow/internal/ExternalFlow.qll:159,7-16)
ERROR: Could not resolve predicate sinkModel/9 (/Users/hvitved/Work/semmle-code/ql/csharp/ql/lib/semmle/code/csharp/dataflow/internal/ExternalFlow.qll:200,39-48)
ERROR: Could not resolve predicate sinkModel/9 (/Users/hvitved/Work/semmle-code/ql/csharp/ql/lib/semmle/code/csharp/dataflow/internal/ExternalFlow.qll:216,7-16)
ERROR: Could not resolve predicate sinkModel/9 (/Users/hvitved/Work/semmle-code/ql/csharp/ql/lib/semmle/code/csharp/dataflow/internal/ExternalFlow.qll:260,3-12)
ERROR: Could not resolve predicate sourceModel/9 (/Users/hvitved/Work/semmle-code/ql/csharp/ql/lib/semmle/code/csharp/dataflow/internal/ExternalFlow.qll:102,3-14)
ERROR: Could not resolve predicate sourceModel/9 (/Users/hvitved/Work/semmle-code/ql/csharp/ql/lib/semmle/code/csharp/dataflow/internal/ExternalFlow.qll:134,9-20)
ERROR: Could not resolve predicate sourceModel/9 (/Users/hvitved/Work/semmle-code/ql/csharp/ql/lib/semmle/code/csharp/dataflow/internal/FlowSummaryImpl.qll:144,7-18)
ERROR: Could not resolve predicate sourceModel/9 (/Users/hvitved/Work/semmle-code/ql/csharp/ql/lib/semmle/code/csharp/dataflow/internal/ExternalFlow.qll:181,7-18)
ERROR: Could not resolve predicate sourceModel/9 (/Users/hvitved/Work/semmle-code/ql/csharp/ql/lib/semmle/code/csharp/dataflow/internal/ExternalFlow.qll:202,41-52)
ERROR: Could not resolve predicate sourceModel/9 (/Users/hvitved/Work/semmle-code/ql/csharp/ql/lib/semmle/code/csharp/dataflow/internal/ExternalFlow.qll:214,7-18)
ERROR: Could not resolve predicate sourceModel/9 (/Users/hvitved/Work/semmle-code/ql/csharp/ql/lib/semmle/code/csharp/dataflow/internal/ExternalFlow.qll:258,3-14)
ERROR: Could not resolve predicate summaryModel/10 (/Users/hvitved/Work/semmle-code/ql/csharp/ql/lib/semmle/code/csharp/dataflow/internal/ExternalFlow.qll:104,3-15)
ERROR: Could not resolve predicate summaryModel/10 (/Users/hvitved/Work/semmle-code/ql/csharp/ql/lib/semmle/code/csharp/dataflow/internal/ExternalFlow.qll:150,9-21)
ERROR: Could not resolve predicate summaryModel/10 (/Users/hvitved/Work/semmle-code/ql/csharp/ql/lib/semmle/code/csharp/dataflow/internal/ExternalFlow.qll:161,7-19)
ERROR: Could not resolve predicate summaryModel/10 (/Users/hvitved/Work/semmle-code/ql/csharp/ql/lib/semmle/code/csharp/dataflow/internal/ExternalFlow.qll:183,7-19)
ERROR: Could not resolve predicate summaryModel/10 (/Users/hvitved/Work/semmle-code/ql/csharp/ql/lib/semmle/code/csharp/dataflow/internal/ExternalFlow.qll:198,42-54)
ERROR: Could not resolve predicate summaryModel/10 (/Users/hvitved/Work/semmle-code/ql/csharp/ql/lib/semmle/code/csharp/dataflow/internal/ExternalFlow.qll:218,7-19)
ERROR: Could not resolve predicate summaryModel/10 (/Users/hvitved/Work/semmle-code/ql/csharp/ql/lib/semmle/code/csharp/dataflow/internal/ExternalFlow.qll:262,3-15)
ERROR: Could not resolve predicate summaryModel/10 (/Users/hvitved/Work/semmle-code/ql/csharp/ql/lib/semmle/code/csharp/dataflow/internal/ExternalFlow.qll:503,7-19)
