#select
| src/main.rs:10:5:10:22 | ...::read_to_string | src/main.rs:6:11:6:19 | file_name | src/main.rs:10:5:10:22 | ...::read_to_string | This path depends on a $@. | src/main.rs:6:11:6:19 | file_name | user-provided value |
edges
| src/main.rs:6:11:6:19 | file_name | src/main.rs:8:35:8:43 | file_name | provenance |  |
| src/main.rs:8:9:8:17 | file_path | src/main.rs:10:24:10:32 | file_path | provenance |  |
| src/main.rs:8:21:8:44 | ...::from(...) | src/main.rs:8:9:8:17 | file_path | provenance |  |
| src/main.rs:8:35:8:43 | file_name | src/main.rs:8:21:8:44 | ...::from(...) | provenance | MaD:2 |
| src/main.rs:10:24:10:32 | file_path | src/main.rs:10:5:10:22 | ...::read_to_string | provenance | MaD:1 Sink:MaD:1 |
models
| 1 | Sink: lang:std; crate::fs::read_to_string; path-injection; Argument[0] |
| 2 | Summary: lang:std; <crate::path::PathBuf as crate::convert::From>::from; Argument[0]; ReturnValue; taint |
nodes
| src/main.rs:6:11:6:19 | file_name | semmle.label | file_name |
| src/main.rs:8:9:8:17 | file_path | semmle.label | file_path |
| src/main.rs:8:21:8:44 | ...::from(...) | semmle.label | ...::from(...) |
| src/main.rs:8:35:8:43 | file_name | semmle.label | file_name |
| src/main.rs:10:5:10:22 | ...::read_to_string | semmle.label | ...::read_to_string |
| src/main.rs:10:24:10:32 | file_path | semmle.label | file_path |
subpaths
testFailures
| src/main.rs:37:38:37:56 | //... | Missing result: Source=remote4 |
| src/main.rs:45:64:45:122 | //... | Missing result: Alert[rust/path-injection]=remote4 |
| src/main.rs:50:38:50:56 | //... | Missing result: Source=remote5 |
| src/main.rs:59:64:59:122 | //... | Missing result: Alert[rust/path-injection]=remote5 |
