additionalFlowSteps
| controllers/application_controller.rb:7:5:7:9 | [post] self | controllers/comments_controller.rb:74:3:77:5 | self in ensure_user_can_edit_comments |
| controllers/application_controller.rb:7:5:7:9 | [post] self | controllers/comments_controller.rb:79:3:81:5 | self in set_comment |
| controllers/application_controller.rb:7:5:7:9 | [post] self | controllers/comments_controller.rb:99:3:100:5 | self in foo |
| controllers/application_controller.rb:7:5:7:9 | [post] self | controllers/posts_controller.rb:12:3:13:5 | self in index |
| controllers/application_controller.rb:7:5:7:9 | [post] self | controllers/posts_controller.rb:15:3:16:5 | self in show |
| controllers/application_controller.rb:7:5:7:9 | [post] self | controllers/posts_controller.rb:18:3:19:5 | self in upvote |
| controllers/application_controller.rb:11:53:11:59 | self | controllers/application_controller.rb:6:3:8:5 | self in set_user |
| controllers/application_controller.rb:11:53:11:59 | self | controllers/photos_controller.rb:3:3:6:5 | self in show |
| controllers/application_controller.rb:11:53:11:59 | self | controllers/posts_controller.rb:23:3:25:5 | self in set_post |
| controllers/comments_controller.rb:50:5:50:12 | self | controllers/comments_controller.rb:87:3:89:5 | self in check_feature_flags |
| controllers/comments_controller.rb:53:3:54:5 | self in create | controllers/comments_controller.rb:83:3:85:5 | self in log_comment_change |
| controllers/comments_controller.rb:57:5:61:7 | self | controllers/comments_controller.rb:87:3:89:5 | self in check_feature_flags |
| controllers/comments_controller.rb:58:33:58:48 | self | controllers/comments_controller.rb:87:3:89:5 | self in check_feature_flags |
| controllers/comments_controller.rb:60:58:60:63 | self | controllers/comments_controller.rb:87:3:89:5 | self in check_feature_flags |
| controllers/comments_controller.rb:65:15:65:20 | self | controllers/comments_controller.rb:83:3:85:5 | self in log_comment_change |
| controllers/comments_controller.rb:69:12:69:18 | self | controllers/comments_controller.rb:83:3:85:5 | self in log_comment_change |
| controllers/comments_controller.rb:76:5:76:68 | self | controllers/comments_controller.rb:79:3:81:5 | self in set_comment |
| controllers/comments_controller.rb:76:5:76:68 | self | controllers/comments_controller.rb:99:3:100:5 | self in foo |
| controllers/comments_controller.rb:80:5:80:12 | [post] self | controllers/comments_controller.rb:99:3:100:5 | self in foo |
| controllers/comments_controller.rb:84:61:84:68 | self | controllers/comments_controller.rb:87:3:89:5 | self in check_feature_flags |
| controllers/comments_controller.rb:88:5:88:28 | self | controllers/comments_controller.rb:95:3:97:5 | self in this_must_run_last |
| controllers/comments_controller.rb:91:3:93:5 | self in this_must_run_first | controllers/application_controller.rb:10:3:12:5 | self in log_request |
| controllers/comments_controller.rb:99:3:100:5 | self in foo | controllers/comments_controller.rb:102:3:103:5 | self in bar |
| controllers/comments_controller.rb:102:3:103:5 | self in bar | controllers/comments_controller.rb:17:3:51:5 | self in index |
| controllers/comments_controller.rb:102:3:103:5 | self in bar | controllers/comments_controller.rb:53:3:54:5 | self in create |
| controllers/comments_controller.rb:102:3:103:5 | self in bar | controllers/comments_controller.rb:56:3:62:5 | self in show |
| controllers/comments_controller.rb:102:3:103:5 | self in bar | controllers/comments_controller.rb:64:3:66:5 | self in photo |
| controllers/comments_controller.rb:102:3:103:5 | self in bar | controllers/comments_controller.rb:68:3:70:5 | self in destroy |
| controllers/photos_controller.rb:5:5:5:6 | [post] self | controllers/photos_controller.rb:8:3:9:5 | self in foo |
| controllers/posts_controller.rb:18:3:19:5 | self in upvote | controllers/posts_controller.rb:27:3:29:5 | self in log_upvote |
| controllers/posts_controller.rb:24:5:24:9 | [post] self | controllers/application_controller.rb:6:3:8:5 | self in set_user |
filterChain
| controllers/comments_controller.rb:17:3:51:5 | index | controllers/application_controller.rb:6:3:8:5 | set_user | controllers/comments_controller.rb:99:3:100:5 | foo |
| controllers/comments_controller.rb:17:3:51:5 | index | controllers/application_controller.rb:10:3:12:5 | log_request | controllers/application_controller.rb:6:3:8:5 | set_user |
| controllers/comments_controller.rb:17:3:51:5 | index | controllers/comments_controller.rb:17:3:51:5 | index | controllers/comments_controller.rb:87:3:89:5 | check_feature_flags |
| controllers/comments_controller.rb:17:3:51:5 | index | controllers/comments_controller.rb:87:3:89:5 | check_feature_flags | controllers/comments_controller.rb:95:3:97:5 | this_must_run_last |
| controllers/comments_controller.rb:17:3:51:5 | index | controllers/comments_controller.rb:91:3:93:5 | this_must_run_first | controllers/application_controller.rb:10:3:12:5 | log_request |
| controllers/comments_controller.rb:17:3:51:5 | index | controllers/comments_controller.rb:99:3:100:5 | foo | controllers/comments_controller.rb:102:3:103:5 | bar |
| controllers/comments_controller.rb:17:3:51:5 | index | controllers/comments_controller.rb:102:3:103:5 | bar | controllers/comments_controller.rb:17:3:51:5 | index |
| controllers/comments_controller.rb:53:3:54:5 | create | controllers/application_controller.rb:6:3:8:5 | set_user | controllers/comments_controller.rb:74:3:77:5 | ensure_user_can_edit_comments |
| controllers/comments_controller.rb:53:3:54:5 | create | controllers/application_controller.rb:10:3:12:5 | log_request | controllers/application_controller.rb:6:3:8:5 | set_user |
| controllers/comments_controller.rb:53:3:54:5 | create | controllers/comments_controller.rb:53:3:54:5 | create | controllers/comments_controller.rb:83:3:85:5 | log_comment_change |
| controllers/comments_controller.rb:53:3:54:5 | create | controllers/comments_controller.rb:74:3:77:5 | ensure_user_can_edit_comments | controllers/comments_controller.rb:99:3:100:5 | foo |
| controllers/comments_controller.rb:53:3:54:5 | create | controllers/comments_controller.rb:83:3:85:5 | log_comment_change | controllers/comments_controller.rb:87:3:89:5 | check_feature_flags |
| controllers/comments_controller.rb:53:3:54:5 | create | controllers/comments_controller.rb:87:3:89:5 | check_feature_flags | controllers/comments_controller.rb:95:3:97:5 | this_must_run_last |
| controllers/comments_controller.rb:53:3:54:5 | create | controllers/comments_controller.rb:91:3:93:5 | this_must_run_first | controllers/application_controller.rb:10:3:12:5 | log_request |
| controllers/comments_controller.rb:53:3:54:5 | create | controllers/comments_controller.rb:99:3:100:5 | foo | controllers/comments_controller.rb:102:3:103:5 | bar |
| controllers/comments_controller.rb:53:3:54:5 | create | controllers/comments_controller.rb:102:3:103:5 | bar | controllers/comments_controller.rb:53:3:54:5 | create |
| controllers/comments_controller.rb:56:3:62:5 | show | controllers/application_controller.rb:6:3:8:5 | set_user | controllers/comments_controller.rb:79:3:81:5 | set_comment |
| controllers/comments_controller.rb:56:3:62:5 | show | controllers/application_controller.rb:10:3:12:5 | log_request | controllers/application_controller.rb:6:3:8:5 | set_user |
| controllers/comments_controller.rb:56:3:62:5 | show | controllers/comments_controller.rb:56:3:62:5 | show | controllers/comments_controller.rb:87:3:89:5 | check_feature_flags |
| controllers/comments_controller.rb:56:3:62:5 | show | controllers/comments_controller.rb:79:3:81:5 | set_comment | controllers/comments_controller.rb:99:3:100:5 | foo |
| controllers/comments_controller.rb:56:3:62:5 | show | controllers/comments_controller.rb:87:3:89:5 | check_feature_flags | controllers/comments_controller.rb:95:3:97:5 | this_must_run_last |
| controllers/comments_controller.rb:56:3:62:5 | show | controllers/comments_controller.rb:91:3:93:5 | this_must_run_first | controllers/application_controller.rb:10:3:12:5 | log_request |
| controllers/comments_controller.rb:56:3:62:5 | show | controllers/comments_controller.rb:99:3:100:5 | foo | controllers/comments_controller.rb:102:3:103:5 | bar |
| controllers/comments_controller.rb:56:3:62:5 | show | controllers/comments_controller.rb:102:3:103:5 | bar | controllers/comments_controller.rb:56:3:62:5 | show |
| controllers/comments_controller.rb:64:3:66:5 | photo | controllers/application_controller.rb:6:3:8:5 | set_user | controllers/comments_controller.rb:99:3:100:5 | foo |
| controllers/comments_controller.rb:64:3:66:5 | photo | controllers/application_controller.rb:10:3:12:5 | log_request | controllers/application_controller.rb:6:3:8:5 | set_user |
| controllers/comments_controller.rb:64:3:66:5 | photo | controllers/comments_controller.rb:64:3:66:5 | photo | controllers/comments_controller.rb:83:3:85:5 | log_comment_change |
| controllers/comments_controller.rb:64:3:66:5 | photo | controllers/comments_controller.rb:83:3:85:5 | log_comment_change | controllers/comments_controller.rb:87:3:89:5 | check_feature_flags |
| controllers/comments_controller.rb:64:3:66:5 | photo | controllers/comments_controller.rb:87:3:89:5 | check_feature_flags | controllers/comments_controller.rb:95:3:97:5 | this_must_run_last |
| controllers/comments_controller.rb:64:3:66:5 | photo | controllers/comments_controller.rb:91:3:93:5 | this_must_run_first | controllers/application_controller.rb:10:3:12:5 | log_request |
| controllers/comments_controller.rb:64:3:66:5 | photo | controllers/comments_controller.rb:99:3:100:5 | foo | controllers/comments_controller.rb:102:3:103:5 | bar |
| controllers/comments_controller.rb:64:3:66:5 | photo | controllers/comments_controller.rb:102:3:103:5 | bar | controllers/comments_controller.rb:64:3:66:5 | photo |
| controllers/comments_controller.rb:68:3:70:5 | destroy | controllers/application_controller.rb:6:3:8:5 | set_user | controllers/comments_controller.rb:74:3:77:5 | ensure_user_can_edit_comments |
| controllers/comments_controller.rb:68:3:70:5 | destroy | controllers/application_controller.rb:10:3:12:5 | log_request | controllers/application_controller.rb:6:3:8:5 | set_user |
| controllers/comments_controller.rb:68:3:70:5 | destroy | controllers/comments_controller.rb:68:3:70:5 | destroy | controllers/comments_controller.rb:83:3:85:5 | log_comment_change |
| controllers/comments_controller.rb:68:3:70:5 | destroy | controllers/comments_controller.rb:74:3:77:5 | ensure_user_can_edit_comments | controllers/comments_controller.rb:79:3:81:5 | set_comment |
| controllers/comments_controller.rb:68:3:70:5 | destroy | controllers/comments_controller.rb:79:3:81:5 | set_comment | controllers/comments_controller.rb:99:3:100:5 | foo |
| controllers/comments_controller.rb:68:3:70:5 | destroy | controllers/comments_controller.rb:83:3:85:5 | log_comment_change | controllers/comments_controller.rb:87:3:89:5 | check_feature_flags |
| controllers/comments_controller.rb:68:3:70:5 | destroy | controllers/comments_controller.rb:87:3:89:5 | check_feature_flags | controllers/comments_controller.rb:95:3:97:5 | this_must_run_last |
| controllers/comments_controller.rb:68:3:70:5 | destroy | controllers/comments_controller.rb:91:3:93:5 | this_must_run_first | controllers/application_controller.rb:10:3:12:5 | log_request |
| controllers/comments_controller.rb:68:3:70:5 | destroy | controllers/comments_controller.rb:99:3:100:5 | foo | controllers/comments_controller.rb:102:3:103:5 | bar |
| controllers/comments_controller.rb:68:3:70:5 | destroy | controllers/comments_controller.rb:102:3:103:5 | bar | controllers/comments_controller.rb:68:3:70:5 | destroy |
| controllers/photos_controller.rb:3:3:6:5 | show | controllers/application_controller.rb:10:3:12:5 | log_request | controllers/photos_controller.rb:3:3:6:5 | show |
| controllers/photos_controller.rb:3:3:6:5 | show | controllers/photos_controller.rb:3:3:6:5 | show | controllers/photos_controller.rb:8:3:9:5 | foo |
| controllers/posts_controller.rb:12:3:13:5 | index | controllers/application_controller.rb:6:3:8:5 | set_user | controllers/posts_controller.rb:12:3:13:5 | index |
| controllers/posts_controller.rb:12:3:13:5 | index | controllers/application_controller.rb:10:3:12:5 | log_request | controllers/application_controller.rb:6:3:8:5 | set_user |
| controllers/posts_controller.rb:15:3:16:5 | show | controllers/application_controller.rb:6:3:8:5 | set_user | controllers/posts_controller.rb:15:3:16:5 | show |
| controllers/posts_controller.rb:15:3:16:5 | show | controllers/application_controller.rb:10:3:12:5 | log_request | controllers/posts_controller.rb:23:3:25:5 | set_post |
| controllers/posts_controller.rb:15:3:16:5 | show | controllers/posts_controller.rb:23:3:25:5 | set_post | controllers/application_controller.rb:6:3:8:5 | set_user |
| controllers/posts_controller.rb:18:3:19:5 | upvote | controllers/application_controller.rb:6:3:8:5 | set_user | controllers/posts_controller.rb:18:3:19:5 | upvote |
| controllers/posts_controller.rb:18:3:19:5 | upvote | controllers/application_controller.rb:10:3:12:5 | log_request | controllers/posts_controller.rb:23:3:25:5 | set_post |
| controllers/posts_controller.rb:18:3:19:5 | upvote | controllers/posts_controller.rb:18:3:19:5 | upvote | controllers/posts_controller.rb:27:3:29:5 | log_upvote |
| controllers/posts_controller.rb:18:3:19:5 | upvote | controllers/posts_controller.rb:23:3:25:5 | set_post | controllers/application_controller.rb:6:3:8:5 | set_user |
