extractionWarning
| file:///Users/hvitved/Work/semmle-code/target/intree/extractor-rust/rust/tools/builtins/types.rs:27:12:27:11 | expected a name |
| file:///Users/hvitved/Work/semmle-code/target/intree/extractor-rust/rust/tools/builtins/types.rs:27:13:27:12 | expected `;`, `{`, or `(` |
| file:///Users/hvitved/Work/semmle-code/target/intree/extractor-rust/rust/tools/builtins/types.rs:27:13:27:12 | expected an item |
| file:///Users/hvitved/Work/semmle-code/target/intree/extractor-rust/rust/tools/builtins/types.rs:27:14:27:13 | expected an item |
| loop/main.rs:1:1:1:1 | semantic analyzer unavailable (not included as a module) |
