#select
edges
nodes
subpaths
testFailures
| sqlx.rs:47:80:47:96 | //... | Missing result: Source=args1 |
| sqlx.rs:48:121:48:139 | //... | Missing result: Source=remote1 |
| sqlx.rs:66:57:66:113 | //... | Fixed spurious result: Alert[rust/sql-injection]=remote1 |
| sqlx.rs:67:59:67:103 | //... | Missing result: Alert[rust/sql-injection]=args1 |
| sqlx.rs:69:63:69:109 | //... | Missing result: Alert[rust/sql-injection]=remote1 |
| sqlx.rs:71:63:71:109 | //... | Missing result: Alert[rust/sql-injection]=remote1 |
| sqlx.rs:77:71:77:127 | //... | Fixed spurious result: Alert[rust/sql-injection]=remote1 |
| sqlx.rs:78:73:78:117 | //... | Missing result: Alert[rust/sql-injection]=args1 |
| sqlx.rs:80:77:80:123 | //... | Missing result: Alert[rust/sql-injection]=remote1 |
| sqlx.rs:82:77:82:123 | //... | Missing result: Alert[rust/sql-injection]=remote1 |
