models
| 1 | Summary: lang:alloc; crate::fmt::format; Argument[0]; ReturnValue; taint |
| 2 | Summary: lang:core; crate::hint::must_use; Argument[0]; ReturnValue; value |
edges
| main.rs:26:9:26:9 | s | main.rs:27:19:27:25 | s[...] | provenance |  |
| main.rs:26:13:26:22 | source(...) | main.rs:26:9:26:9 | s | provenance |  |
| main.rs:27:9:27:14 | sliced [&ref] | main.rs:28:16:28:21 | sliced | provenance |  |
| main.rs:27:18:27:25 | &... [&ref] | main.rs:27:9:27:14 | sliced [&ref] | provenance |  |
| main.rs:27:19:27:25 | s[...] | main.rs:27:18:27:25 | &... [&ref] | provenance |  |
| main.rs:32:9:32:10 | s1 | main.rs:35:9:35:10 | s4 | provenance |  |
| main.rs:32:14:32:23 | source(...) | main.rs:32:9:32:10 | s1 | provenance |  |
| main.rs:35:9:35:10 | s4 | main.rs:38:10:38:11 | s4 | provenance |  |
| main.rs:82:9:82:10 | s1 | main.rs:86:18:86:25 | MacroExpr | provenance |  |
| main.rs:82:9:82:10 | s1 | main.rs:87:18:87:32 | MacroExpr | provenance |  |
| main.rs:82:14:82:23 | source(...) | main.rs:82:9:82:10 | s1 | provenance |  |
| main.rs:86:10:86:26 | res | main.rs:86:18:86:25 | { ... } | provenance |  |
| main.rs:86:18:86:25 | ...::format(...) | main.rs:86:10:86:26 | res | provenance |  |
| main.rs:86:18:86:25 | ...::must_use(...) | main.rs:86:10:86:26 | MacroExpr | provenance |  |
| main.rs:86:18:86:25 | MacroExpr | main.rs:86:18:86:25 | ...::format(...) | provenance | MaD:1 |
| main.rs:86:18:86:25 | { ... } | main.rs:86:18:86:25 | ...::must_use(...) | provenance | MaD:2 |
| main.rs:87:10:87:33 | res | main.rs:87:18:87:32 | { ... } | provenance |  |
| main.rs:87:18:87:32 | ...::format(...) | main.rs:87:10:87:33 | res | provenance |  |
| main.rs:87:18:87:32 | ...::must_use(...) | main.rs:87:10:87:33 | MacroExpr | provenance |  |
| main.rs:87:18:87:32 | MacroExpr | main.rs:87:18:87:32 | ...::format(...) | provenance | MaD:1 |
| main.rs:87:18:87:32 | { ... } | main.rs:87:18:87:32 | ...::must_use(...) | provenance | MaD:2 |
nodes
| main.rs:26:9:26:9 | s | semmle.label | s |
| main.rs:26:13:26:22 | source(...) | semmle.label | source(...) |
| main.rs:27:9:27:14 | sliced [&ref] | semmle.label | sliced [&ref] |
| main.rs:27:18:27:25 | &... [&ref] | semmle.label | &... [&ref] |
| main.rs:27:19:27:25 | s[...] | semmle.label | s[...] |
| main.rs:28:16:28:21 | sliced | semmle.label | sliced |
| main.rs:32:9:32:10 | s1 | semmle.label | s1 |
| main.rs:32:14:32:23 | source(...) | semmle.label | source(...) |
| main.rs:35:9:35:10 | s4 | semmle.label | s4 |
| main.rs:38:10:38:11 | s4 | semmle.label | s4 |
| main.rs:82:9:82:10 | s1 | semmle.label | s1 |
| main.rs:82:14:82:23 | source(...) | semmle.label | source(...) |
| main.rs:86:10:86:26 | MacroExpr | semmle.label | MacroExpr |
| main.rs:86:10:86:26 | res | semmle.label | res |
| main.rs:86:18:86:25 | ...::format(...) | semmle.label | ...::format(...) |
| main.rs:86:18:86:25 | ...::must_use(...) | semmle.label | ...::must_use(...) |
| main.rs:86:18:86:25 | MacroExpr | semmle.label | MacroExpr |
| main.rs:86:18:86:25 | { ... } | semmle.label | { ... } |
| main.rs:87:10:87:33 | MacroExpr | semmle.label | MacroExpr |
| main.rs:87:10:87:33 | res | semmle.label | res |
| main.rs:87:18:87:32 | ...::format(...) | semmle.label | ...::format(...) |
| main.rs:87:18:87:32 | ...::must_use(...) | semmle.label | ...::must_use(...) |
| main.rs:87:18:87:32 | MacroExpr | semmle.label | MacroExpr |
| main.rs:87:18:87:32 | { ... } | semmle.label | { ... } |
subpaths
testFailures
#select
| main.rs:28:16:28:21 | sliced | main.rs:26:13:26:22 | source(...) | main.rs:28:16:28:21 | sliced | $@ | main.rs:26:13:26:22 | source(...) | source(...) |
| main.rs:38:10:38:11 | s4 | main.rs:32:14:32:23 | source(...) | main.rs:38:10:38:11 | s4 | $@ | main.rs:32:14:32:23 | source(...) | source(...) |
| main.rs:86:10:86:26 | MacroExpr | main.rs:82:14:82:23 | source(...) | main.rs:86:10:86:26 | MacroExpr | $@ | main.rs:82:14:82:23 | source(...) | source(...) |
| main.rs:87:10:87:33 | MacroExpr | main.rs:82:14:82:23 | source(...) | main.rs:87:10:87:33 | MacroExpr | $@ | main.rs:82:14:82:23 | source(...) | source(...) |
