ERROR: Could not resolve class Definition (/Users/hvitved/Work/semmle-code/ql/csharp/ql/lib/semmle/code/csharp/dataflow/SSA.qll:167,16-35)
